

================================================================
== Vivado HLS Report for 'fir'
================================================================
* Date:           Sat Dec 12 12:49:39 2015

* Version:        2014.1 (build date: Fri Apr 04 13:20:25 PM 2014)
* Project:        FIR
* Solution:       solution1
* Product family: zynq zynq_fpv6 
* Target device:  xc7z020clg484-1


================================================================
== Performance Estimates
================================================================
+ Timing (ns): 
    * Summary: 
    +---------+-------+----------+------------+
    |  Clock  | Target| Estimated| Uncertainty|
    +---------+-------+----------+------------+
    |default  |  10.00|      8.09|        1.25|
    +---------+-------+----------+------------+

+ Latency (clock cycles): 
    * Summary: 
    +------+------+-----+-----+----------+
    |   Latency   |  Interval | Pipeline |
    |  min |  max | min | max |   Type   |
    +------+------+-----+-----+----------+
    |  1550|  1550|  309|  309| function |
    +------+------+-----+-----+----------+

    + Detail: 
        * Instance: 
        N/A

        * Loop: 
        N/A



================================================================
== Utilization Estimates
================================================================
* Summary: 
+-----------------+---------+-------+--------+-------+
|       Name      | BRAM_18K| DSP48E|   FF   |  LUT  |
+-----------------+---------+-------+--------+-------+
|Expression       |        -|      -|       0|     20|
|FIFO             |        -|      -|       -|      -|
|Instance         |        -|      5|     348|    711|
|Memory           |        1|      -|       0|      0|
|Multiplexer      |        -|      -|       -|  12840|
|Register         |        -|      -|   22032|   4961|
+-----------------+---------+-------+--------+-------+
|Total            |        1|      5|   22380|  18532|
+-----------------+---------+-------+--------+-------+
|Available        |      280|    220|  106400|  53200|
+-----------------+---------+-------+--------+-------+
|Utilization (%)  |    ~0   |      2|      21|     34|
+-----------------+---------+-------+--------+-------+

+ Detail: 
    * Instance: 
    +-------------------------------------+----------------------------------+---------+-------+-----+-----+
    |               Instance              |              Module              | BRAM_18K| DSP48E|  FF | LUT |
    +-------------------------------------+----------------------------------+---------+-------+-----+-----+
    |fir_fadd_32ns_32ns_32_5_full_dsp_U0  |fir_fadd_32ns_32ns_32_5_full_dsp  |        0|      2|  205|  390|
    |fir_fmul_32ns_32ns_32_4_max_dsp_U1   |fir_fmul_32ns_32ns_32_4_max_dsp   |        0|      3|  143|  321|
    +-------------------------------------+----------------------------------+---------+-------+-----+-----+
    |Total                                |                                  |        0|      5|  348|  711|
    +-------------------------------------+----------------------------------+---------+-------+-----+-----+

    * Memory: 
    +---------+-----------+---------+------+-----+------+-------------+
    |  Memory |   Module  | BRAM_18K| Words| Bits| Banks| W*Bits*Banks|
    +---------+-----------+---------+------+-----+------+-------------+
    |shift_U  |fir_shift  |        1|   309|   32|     1|         9888|
    +---------+-----------+---------+------+-----+------+-------------+
    |Total    |           |        1|   309|   32|     1|         9888|
    +---------+-----------+---------+------+-----+------+-------------+

    * FIFO: 
    N/A

    * Expression: 
    +------------------+----------+-------+---+----+------------+------------+
    |   Variable Name  | Operation| DSP48E| FF| LUT| Bitwidth P0| Bitwidth P1|
    +------------------+----------+-------+---+----+------------+------------+
    |tmp_8_fu_1854_p2  |   icmp   |      0|  0|  20|          16|           1|
    +------------------+----------+-------+---+----+------------+------------+
    |Total             |          |      0|  0|  20|          16|           1|
    +------------------+----------+-------+---+----+------------+------------+

    * Multiplexer: 
    +----------------+------+-----------+-----+-----------+
    |      Name      |  LUT | Input Size| Bits| Total Bits|
    +----------------+------+-----------+-----+-----------+
    |grp_fu_1602_p0  |    64|          8|   32|        256|
    |grp_fu_1602_p1  |  3072|        299|   32|       9568|
    |grp_fu_1607_p0  |  3200|        310|   32|       9920|
    |grp_fu_1607_p1  |  1568|        155|   32|       4960|
    |shift_address0  |   900|        310|    9|       2790|
    |shift_address1  |   900|        309|    9|       2781|
    |shift_d0        |  1568|        155|   32|       4960|
    |shift_d1        |  1568|        155|   32|       4960|
    +----------------+------+-----------+-----+-----------+
    |Total           | 12840|       1701|  210|      40195|
    +----------------+------+-----------+-----+-----------+

    * Register: 
    +-----------------------------------------+-----+----+-----+-----------+
    |                   Name                  |  FF | LUT| Bits| Const Bits|
    +-----------------------------------------+-----+----+-----+-----------+
    |ap_CS_fsm                                |    9|   0|    9|          0|
    |ap_reg_ppiten_pp0_it0_preg               |    1|   0|    1|          0|
    |ap_reg_ppiten_pp0_it1                    |    1|   0|    1|          0|
    |ap_reg_ppiten_pp0_it2                    |    1|   0|    1|          0|
    |ap_reg_ppiten_pp0_it3                    |    1|   0|    1|          0|
    |ap_reg_ppiten_pp0_it4                    |    1|   0|    1|          0|
    |ap_reg_ppiten_pp0_it5                    |    1|   0|    1|          0|
    |ap_reg_ppstg_tmp_4_100_reg_3523_pp0_it1  |   32|   0|   32|          0|
    |ap_reg_ppstg_tmp_4_101_reg_3540_pp0_it1  |   32|   0|   32|          0|
    |ap_reg_ppstg_tmp_4_102_reg_3557_pp0_it1  |   32|   0|   32|          0|
    |ap_reg_ppstg_tmp_4_103_reg_3574_pp0_it1  |   32|   0|   32|          0|
    |ap_reg_ppstg_tmp_4_104_reg_3591_pp0_it1  |   32|   0|   32|          0|
    |ap_reg_ppstg_tmp_4_105_reg_3608_pp0_it1  |   32|   0|   32|          0|
    |ap_reg_ppstg_tmp_4_106_reg_3625_pp0_it1  |   32|   0|   32|          0|
    |ap_reg_ppstg_tmp_4_107_reg_3642_pp0_it1  |   32|   0|   32|          0|
    |ap_reg_ppstg_tmp_4_108_reg_3659_pp0_it1  |   32|   0|   32|          0|
    |ap_reg_ppstg_tmp_4_109_reg_3676_pp0_it1  |   32|   0|   32|          0|
    |ap_reg_ppstg_tmp_4_110_reg_3693_pp0_it1  |   32|   0|   32|          0|
    |ap_reg_ppstg_tmp_4_111_reg_3710_pp0_it1  |   32|   0|   32|          0|
    |ap_reg_ppstg_tmp_4_112_reg_3727_pp0_it1  |   32|   0|   32|          0|
    |ap_reg_ppstg_tmp_4_113_reg_3744_pp0_it1  |   32|   0|   32|          0|
    |ap_reg_ppstg_tmp_4_114_reg_3761_pp0_it1  |   32|   0|   32|          0|
    |ap_reg_ppstg_tmp_4_115_reg_3778_pp0_it1  |   32|   0|   32|          0|
    |ap_reg_ppstg_tmp_4_116_reg_3795_pp0_it1  |   32|   0|   32|          0|
    |ap_reg_ppstg_tmp_4_117_reg_3812_pp0_it1  |   32|   0|   32|          0|
    |ap_reg_ppstg_tmp_4_118_reg_3829_pp0_it1  |   32|   0|   32|          0|
    |ap_reg_ppstg_tmp_4_119_reg_3846_pp0_it1  |   32|   0|   32|          0|
    |ap_reg_ppstg_tmp_4_120_reg_3863_pp0_it1  |   32|   0|   32|          0|
    |ap_reg_ppstg_tmp_4_121_reg_3880_pp0_it1  |   32|   0|   32|          0|
    |ap_reg_ppstg_tmp_4_122_reg_3897_pp0_it1  |   32|   0|   32|          0|
    |ap_reg_ppstg_tmp_4_123_reg_3914_pp0_it1  |   32|   0|   32|          0|
    |ap_reg_ppstg_tmp_4_124_reg_3931_pp0_it1  |   32|   0|   32|          0|
    |ap_reg_ppstg_tmp_4_125_reg_3948_pp0_it1  |   32|   0|   32|          0|
    |ap_reg_ppstg_tmp_4_126_reg_3965_pp0_it1  |   32|   0|   32|          0|
    |ap_reg_ppstg_tmp_4_127_reg_3982_pp0_it1  |   32|   0|   32|          0|
    |ap_reg_ppstg_tmp_4_128_reg_3999_pp0_it1  |   32|   0|   32|          0|
    |ap_reg_ppstg_tmp_4_129_reg_4016_pp0_it1  |   32|   0|   32|          0|
    |ap_reg_ppstg_tmp_4_130_reg_4033_pp0_it1  |   32|   0|   32|          0|
    |ap_reg_ppstg_tmp_4_131_reg_4050_pp0_it1  |   32|   0|   32|          0|
    |ap_reg_ppstg_tmp_4_132_reg_4067_pp0_it1  |   32|   0|   32|          0|
    |ap_reg_ppstg_tmp_4_133_reg_4084_pp0_it1  |   32|   0|   32|          0|
    |ap_reg_ppstg_tmp_4_134_reg_4101_pp0_it1  |   32|   0|   32|          0|
    |ap_reg_ppstg_tmp_4_135_reg_4118_pp0_it1  |   32|   0|   32|          0|
    |ap_reg_ppstg_tmp_4_136_reg_4135_pp0_it1  |   32|   0|   32|          0|
    |ap_reg_ppstg_tmp_4_137_reg_4152_pp0_it1  |   32|   0|   32|          0|
    |ap_reg_ppstg_tmp_4_138_reg_4169_pp0_it1  |   32|   0|   32|          0|
    |ap_reg_ppstg_tmp_4_139_reg_4186_pp0_it1  |   32|   0|   32|          0|
    |ap_reg_ppstg_tmp_4_140_reg_4203_pp0_it1  |   32|   0|   32|          0|
    |ap_reg_ppstg_tmp_4_141_reg_4220_pp0_it1  |   32|   0|   32|          0|
    |ap_reg_ppstg_tmp_4_142_reg_4237_pp0_it1  |   32|   0|   32|          0|
    |ap_reg_ppstg_tmp_4_143_reg_4254_pp0_it1  |   32|   0|   32|          0|
    |ap_reg_ppstg_tmp_4_144_reg_4271_pp0_it1  |   32|   0|   32|          0|
    |ap_reg_ppstg_tmp_4_145_reg_4288_pp0_it1  |   32|   0|   32|          0|
    |ap_reg_ppstg_tmp_4_146_reg_4305_pp0_it1  |   32|   0|   32|          0|
    |ap_reg_ppstg_tmp_4_147_reg_4322_pp0_it1  |   32|   0|   32|          0|
    |ap_reg_ppstg_tmp_4_148_reg_4339_pp0_it1  |   32|   0|   32|          0|
    |ap_reg_ppstg_tmp_4_149_reg_4356_pp0_it1  |   32|   0|   32|          0|
    |ap_reg_ppstg_tmp_4_150_reg_4367_pp0_it1  |   32|   0|   32|          0|
    |ap_reg_ppstg_tmp_4_151_reg_4372_pp0_it1  |   32|   0|   32|          0|
    |ap_reg_ppstg_tmp_4_152_reg_4377_pp0_it1  |   32|   0|   32|          0|
    |ap_reg_ppstg_tmp_4_77_reg_3132_pp0_it1   |   32|   0|   32|          0|
    |ap_reg_ppstg_tmp_4_78_reg_3149_pp0_it1   |   32|   0|   32|          0|
    |ap_reg_ppstg_tmp_4_79_reg_3166_pp0_it1   |   32|   0|   32|          0|
    |ap_reg_ppstg_tmp_4_80_reg_3183_pp0_it1   |   32|   0|   32|          0|
    |ap_reg_ppstg_tmp_4_81_reg_3200_pp0_it1   |   32|   0|   32|          0|
    |ap_reg_ppstg_tmp_4_82_reg_3217_pp0_it1   |   32|   0|   32|          0|
    |ap_reg_ppstg_tmp_4_83_reg_3234_pp0_it1   |   32|   0|   32|          0|
    |ap_reg_ppstg_tmp_4_84_reg_3251_pp0_it1   |   32|   0|   32|          0|
    |ap_reg_ppstg_tmp_4_85_reg_3268_pp0_it1   |   32|   0|   32|          0|
    |ap_reg_ppstg_tmp_4_86_reg_3285_pp0_it1   |   32|   0|   32|          0|
    |ap_reg_ppstg_tmp_4_87_reg_3302_pp0_it1   |   32|   0|   32|          0|
    |ap_reg_ppstg_tmp_4_88_reg_3319_pp0_it1   |   32|   0|   32|          0|
    |ap_reg_ppstg_tmp_4_89_reg_3336_pp0_it1   |   32|   0|   32|          0|
    |ap_reg_ppstg_tmp_4_90_reg_3353_pp0_it1   |   32|   0|   32|          0|
    |ap_reg_ppstg_tmp_4_91_reg_3370_pp0_it1   |   32|   0|   32|          0|
    |ap_reg_ppstg_tmp_4_92_reg_3387_pp0_it1   |   32|   0|   32|          0|
    |ap_reg_ppstg_tmp_4_93_reg_3404_pp0_it1   |   32|   0|   32|          0|
    |ap_reg_ppstg_tmp_4_94_reg_3421_pp0_it1   |   32|   0|   32|          0|
    |ap_reg_ppstg_tmp_4_95_reg_3438_pp0_it1   |   32|   0|   32|          0|
    |ap_reg_ppstg_tmp_4_96_reg_3455_pp0_it1   |   32|   0|   32|          0|
    |ap_reg_ppstg_tmp_4_97_reg_3472_pp0_it1   |   32|   0|   32|          0|
    |ap_reg_ppstg_tmp_4_98_reg_3489_pp0_it1   |   32|   0|   32|          0|
    |ap_reg_ppstg_tmp_4_99_reg_3506_pp0_it1   |   32|   0|   32|          0|
    |input_read_reg_1871                      |   32|   0|   32|          0|
    |reg_1767                                 |   32|   0|   32|          0|
    |reg_1773                                 |   32|   0|   32|          0|
    |reg_1779                                 |   32|   0|   32|          0|
    |reg_1784                                 |   32|   0|   32|          0|
    |reg_1789                                 |   32|   0|   32|          0|
    |reg_1794                                 |   32|   0|   32|          0|
    |reg_1799                                 |   32|   0|   32|          0|
    |reg_1804                                 |   32|   0|   32|          0|
    |reg_1809                                 |   32|   0|   32|          0|
    |reg_1814                                 |   32|   0|   32|          0|
    |reg_1819                                 |   32|   0|   32|          0|
    |reg_1824                                 |   32|   0|   32|          0|
    |reg_1829                                 |   32|   0|   32|          0|
    |reg_1834                                 |   32|   0|   32|          0|
    |reg_1839                                 |   32|   0|   32|          0|
    |reg_1844                                 |   32|   0|   32|          0|
    |reg_1849                                 |   32|   0|   32|          0|
    |result_holder                            |   32|   0|   32|          0|
    |shift_load_100_reg_2625                  |   32|   0|   32|          0|
    |shift_load_101_reg_2631                  |   32|   0|   32|          0|
    |shift_load_102_reg_2642                  |   32|   0|   32|          0|
    |shift_load_103_reg_2648                  |   32|   0|   32|          0|
    |shift_load_104_reg_2659                  |   32|   0|   32|          0|
    |shift_load_105_reg_2665                  |   32|   0|   32|          0|
    |shift_load_106_reg_2671                  |   32|   0|   32|          0|
    |shift_load_107_reg_2677                  |   32|   0|   32|          0|
    |shift_load_108_reg_2688                  |   32|   0|   32|          0|
    |shift_load_109_reg_2694                  |   32|   0|   32|          0|
    |shift_load_10_reg_1940                   |   32|   0|   32|          0|
    |shift_load_110_reg_2705                  |   32|   0|   32|          0|
    |shift_load_111_reg_2711                  |   32|   0|   32|          0|
    |shift_load_112_reg_2722                  |   32|   0|   32|          0|
    |shift_load_113_reg_2728                  |   32|   0|   32|          0|
    |shift_load_114_reg_2739                  |   32|   0|   32|          0|
    |shift_load_115_reg_2745                  |   32|   0|   32|          0|
    |shift_load_116_reg_2751                  |   32|   0|   32|          0|
    |shift_load_117_reg_2757                  |   32|   0|   32|          0|
    |shift_load_118_reg_2768                  |   32|   0|   32|          0|
    |shift_load_119_reg_2774                  |   32|   0|   32|          0|
    |shift_load_11_reg_1946                   |   32|   0|   32|          0|
    |shift_load_120_reg_2785                  |   32|   0|   32|          0|
    |shift_load_121_reg_2791                  |   32|   0|   32|          0|
    |shift_load_122_reg_2802                  |   32|   0|   32|          0|
    |shift_load_123_reg_2808                  |   32|   0|   32|          0|
    |shift_load_124_reg_2819                  |   32|   0|   32|          0|
    |shift_load_125_reg_2825                  |   32|   0|   32|          0|
    |shift_load_126_reg_2831                  |   32|   0|   32|          0|
    |shift_load_127_reg_2837                  |   32|   0|   32|          0|
    |shift_load_128_reg_2848                  |   32|   0|   32|          0|
    |shift_load_129_reg_2854                  |   32|   0|   32|          0|
    |shift_load_12_reg_1952                   |   32|   0|   32|          0|
    |shift_load_130_reg_2865                  |   32|   0|   32|          0|
    |shift_load_131_reg_2871                  |   32|   0|   32|          0|
    |shift_load_132_reg_2882                  |   32|   0|   32|          0|
    |shift_load_133_reg_2888                  |   32|   0|   32|          0|
    |shift_load_134_reg_2899                  |   32|   0|   32|          0|
    |shift_load_135_reg_2905                  |   32|   0|   32|          0|
    |shift_load_136_reg_2916                  |   32|   0|   32|          0|
    |shift_load_137_reg_2922                  |   32|   0|   32|          0|
    |shift_load_138_reg_2933                  |   32|   0|   32|          0|
    |shift_load_139_reg_2939                  |   32|   0|   32|          0|
    |shift_load_13_reg_1958                   |   32|   0|   32|          0|
    |shift_load_140_reg_2950                  |   32|   0|   32|          0|
    |shift_load_141_reg_2956                  |   32|   0|   32|          0|
    |shift_load_142_reg_2967                  |   32|   0|   32|          0|
    |shift_load_143_reg_2973                  |   32|   0|   32|          0|
    |shift_load_144_reg_2984                  |   32|   0|   32|          0|
    |shift_load_145_reg_2990                  |   32|   0|   32|          0|
    |shift_load_146_reg_3001                  |   32|   0|   32|          0|
    |shift_load_147_reg_3007                  |   32|   0|   32|          0|
    |shift_load_148_reg_3018                  |   32|   0|   32|          0|
    |shift_load_149_reg_3024                  |   32|   0|   32|          0|
    |shift_load_14_reg_1964                   |   32|   0|   32|          0|
    |shift_load_150_reg_3035                  |   32|   0|   32|          0|
    |shift_load_151_reg_3041                  |   32|   0|   32|          0|
    |shift_load_152_reg_3052                  |   32|   0|   32|          0|
    |shift_load_153_reg_3058                  |   32|   0|   32|          0|
    |shift_load_154_reg_3069                  |   32|   0|   32|          0|
    |shift_load_155_reg_3075                  |   32|   0|   32|          0|
    |shift_load_156_reg_3086                  |   32|   0|   32|          0|
    |shift_load_157_reg_3092                  |   32|   0|   32|          0|
    |shift_load_158_reg_3103                  |   32|   0|   32|          0|
    |shift_load_159_reg_3109                  |   32|   0|   32|          0|
    |shift_load_15_reg_1970                   |   32|   0|   32|          0|
    |shift_load_160_reg_3120                  |   32|   0|   32|          0|
    |shift_load_161_reg_3126                  |   32|   0|   32|          0|
    |shift_load_162_reg_3137                  |   32|   0|   32|          0|
    |shift_load_163_reg_3143                  |   32|   0|   32|          0|
    |shift_load_164_reg_3154                  |   32|   0|   32|          0|
    |shift_load_165_reg_3160                  |   32|   0|   32|          0|
    |shift_load_166_reg_3171                  |   32|   0|   32|          0|
    |shift_load_167_reg_3177                  |   32|   0|   32|          0|
    |shift_load_168_reg_3188                  |   32|   0|   32|          0|
    |shift_load_169_reg_3194                  |   32|   0|   32|          0|
    |shift_load_16_reg_1976                   |   32|   0|   32|          0|
    |shift_load_170_reg_3205                  |   32|   0|   32|          0|
    |shift_load_171_reg_3211                  |   32|   0|   32|          0|
    |shift_load_172_reg_3222                  |   32|   0|   32|          0|
    |shift_load_173_reg_3228                  |   32|   0|   32|          0|
    |shift_load_174_reg_3239                  |   32|   0|   32|          0|
    |shift_load_175_reg_3245                  |   32|   0|   32|          0|
    |shift_load_176_reg_3256                  |   32|   0|   32|          0|
    |shift_load_177_reg_3262                  |   32|   0|   32|          0|
    |shift_load_178_reg_3273                  |   32|   0|   32|          0|
    |shift_load_179_reg_3279                  |   32|   0|   32|          0|
    |shift_load_17_reg_1982                   |   32|   0|   32|          0|
    |shift_load_180_reg_3290                  |   32|   0|   32|          0|
    |shift_load_181_reg_3296                  |   32|   0|   32|          0|
    |shift_load_182_reg_3307                  |   32|   0|   32|          0|
    |shift_load_183_reg_3313                  |   32|   0|   32|          0|
    |shift_load_184_reg_3324                  |   32|   0|   32|          0|
    |shift_load_185_reg_3330                  |   32|   0|   32|          0|
    |shift_load_186_reg_3341                  |   32|   0|   32|          0|
    |shift_load_187_reg_3347                  |   32|   0|   32|          0|
    |shift_load_188_reg_3358                  |   32|   0|   32|          0|
    |shift_load_189_reg_3364                  |   32|   0|   32|          0|
    |shift_load_18_reg_1988                   |   32|   0|   32|          0|
    |shift_load_190_reg_3375                  |   32|   0|   32|          0|
    |shift_load_191_reg_3381                  |   32|   0|   32|          0|
    |shift_load_192_reg_3392                  |   32|   0|   32|          0|
    |shift_load_193_reg_3398                  |   32|   0|   32|          0|
    |shift_load_194_reg_3409                  |   32|   0|   32|          0|
    |shift_load_195_reg_3415                  |   32|   0|   32|          0|
    |shift_load_196_reg_3426                  |   32|   0|   32|          0|
    |shift_load_197_reg_3432                  |   32|   0|   32|          0|
    |shift_load_198_reg_3443                  |   32|   0|   32|          0|
    |shift_load_199_reg_3449                  |   32|   0|   32|          0|
    |shift_load_19_reg_1994                   |   32|   0|   32|          0|
    |shift_load_1_reg_1881                    |   32|   0|   32|          0|
    |shift_load_200_reg_3460                  |   32|   0|   32|          0|
    |shift_load_201_reg_3466                  |   32|   0|   32|          0|
    |shift_load_202_reg_3477                  |   32|   0|   32|          0|
    |shift_load_203_reg_3483                  |   32|   0|   32|          0|
    |shift_load_204_reg_3494                  |   32|   0|   32|          0|
    |shift_load_205_reg_3500                  |   32|   0|   32|          0|
    |shift_load_206_reg_3511                  |   32|   0|   32|          0|
    |shift_load_207_reg_3517                  |   32|   0|   32|          0|
    |shift_load_208_reg_3528                  |   32|   0|   32|          0|
    |shift_load_209_reg_3534                  |   32|   0|   32|          0|
    |shift_load_20_reg_2000                   |   32|   0|   32|          0|
    |shift_load_210_reg_3545                  |   32|   0|   32|          0|
    |shift_load_211_reg_3551                  |   32|   0|   32|          0|
    |shift_load_212_reg_3562                  |   32|   0|   32|          0|
    |shift_load_213_reg_3568                  |   32|   0|   32|          0|
    |shift_load_214_reg_3579                  |   32|   0|   32|          0|
    |shift_load_215_reg_3585                  |   32|   0|   32|          0|
    |shift_load_216_reg_3596                  |   32|   0|   32|          0|
    |shift_load_217_reg_3602                  |   32|   0|   32|          0|
    |shift_load_218_reg_3613                  |   32|   0|   32|          0|
    |shift_load_219_reg_3619                  |   32|   0|   32|          0|
    |shift_load_21_reg_2006                   |   32|   0|   32|          0|
    |shift_load_220_reg_3630                  |   32|   0|   32|          0|
    |shift_load_221_reg_3636                  |   32|   0|   32|          0|
    |shift_load_222_reg_3647                  |   32|   0|   32|          0|
    |shift_load_223_reg_3653                  |   32|   0|   32|          0|
    |shift_load_224_reg_3664                  |   32|   0|   32|          0|
    |shift_load_225_reg_3670                  |   32|   0|   32|          0|
    |shift_load_226_reg_3681                  |   32|   0|   32|          0|
    |shift_load_227_reg_3687                  |   32|   0|   32|          0|
    |shift_load_228_reg_3698                  |   32|   0|   32|          0|
    |shift_load_229_reg_3704                  |   32|   0|   32|          0|
    |shift_load_22_reg_2012                   |   32|   0|   32|          0|
    |shift_load_230_reg_3715                  |   32|   0|   32|          0|
    |shift_load_231_reg_3721                  |   32|   0|   32|          0|
    |shift_load_232_reg_3732                  |   32|   0|   32|          0|
    |shift_load_233_reg_3738                  |   32|   0|   32|          0|
    |shift_load_234_reg_3749                  |   32|   0|   32|          0|
    |shift_load_235_reg_3755                  |   32|   0|   32|          0|
    |shift_load_236_reg_3766                  |   32|   0|   32|          0|
    |shift_load_237_reg_3772                  |   32|   0|   32|          0|
    |shift_load_238_reg_3783                  |   32|   0|   32|          0|
    |shift_load_239_reg_3789                  |   32|   0|   32|          0|
    |shift_load_23_reg_2018                   |   32|   0|   32|          0|
    |shift_load_240_reg_3800                  |   32|   0|   32|          0|
    |shift_load_241_reg_3806                  |   32|   0|   32|          0|
    |shift_load_242_reg_3817                  |   32|   0|   32|          0|
    |shift_load_243_reg_3823                  |   32|   0|   32|          0|
    |shift_load_244_reg_3834                  |   32|   0|   32|          0|
    |shift_load_245_reg_3840                  |   32|   0|   32|          0|
    |shift_load_246_reg_3851                  |   32|   0|   32|          0|
    |shift_load_247_reg_3857                  |   32|   0|   32|          0|
    |shift_load_248_reg_3868                  |   32|   0|   32|          0|
    |shift_load_249_reg_3874                  |   32|   0|   32|          0|
    |shift_load_24_reg_2024                   |   32|   0|   32|          0|
    |shift_load_250_reg_3885                  |   32|   0|   32|          0|
    |shift_load_251_reg_3891                  |   32|   0|   32|          0|
    |shift_load_252_reg_3902                  |   32|   0|   32|          0|
    |shift_load_253_reg_3908                  |   32|   0|   32|          0|
    |shift_load_254_reg_3919                  |   32|   0|   32|          0|
    |shift_load_255_reg_3925                  |   32|   0|   32|          0|
    |shift_load_256_reg_3936                  |   32|   0|   32|          0|
    |shift_load_257_reg_3942                  |   32|   0|   32|          0|
    |shift_load_258_reg_3953                  |   32|   0|   32|          0|
    |shift_load_259_reg_3959                  |   32|   0|   32|          0|
    |shift_load_25_reg_2030                   |   32|   0|   32|          0|
    |shift_load_260_reg_3970                  |   32|   0|   32|          0|
    |shift_load_261_reg_3976                  |   32|   0|   32|          0|
    |shift_load_262_reg_3987                  |   32|   0|   32|          0|
    |shift_load_263_reg_3993                  |   32|   0|   32|          0|
    |shift_load_264_reg_4004                  |   32|   0|   32|          0|
    |shift_load_265_reg_4010                  |   32|   0|   32|          0|
    |shift_load_266_reg_4021                  |   32|   0|   32|          0|
    |shift_load_267_reg_4027                  |   32|   0|   32|          0|
    |shift_load_268_reg_4038                  |   32|   0|   32|          0|
    |shift_load_269_reg_4044                  |   32|   0|   32|          0|
    |shift_load_26_reg_2036                   |   32|   0|   32|          0|
    |shift_load_270_reg_4055                  |   32|   0|   32|          0|
    |shift_load_271_reg_4061                  |   32|   0|   32|          0|
    |shift_load_272_reg_4072                  |   32|   0|   32|          0|
    |shift_load_273_reg_4078                  |   32|   0|   32|          0|
    |shift_load_274_reg_4089                  |   32|   0|   32|          0|
    |shift_load_275_reg_4095                  |   32|   0|   32|          0|
    |shift_load_276_reg_4106                  |   32|   0|   32|          0|
    |shift_load_277_reg_4112                  |   32|   0|   32|          0|
    |shift_load_278_reg_4123                  |   32|   0|   32|          0|
    |shift_load_279_reg_4129                  |   32|   0|   32|          0|
    |shift_load_27_reg_2042                   |   32|   0|   32|          0|
    |shift_load_280_reg_4140                  |   32|   0|   32|          0|
    |shift_load_281_reg_4146                  |   32|   0|   32|          0|
    |shift_load_282_reg_4157                  |   32|   0|   32|          0|
    |shift_load_283_reg_4163                  |   32|   0|   32|          0|
    |shift_load_284_reg_4174                  |   32|   0|   32|          0|
    |shift_load_285_reg_4180                  |   32|   0|   32|          0|
    |shift_load_286_reg_4191                  |   32|   0|   32|          0|
    |shift_load_287_reg_4197                  |   32|   0|   32|          0|
    |shift_load_288_reg_4208                  |   32|   0|   32|          0|
    |shift_load_289_reg_4214                  |   32|   0|   32|          0|
    |shift_load_28_reg_2048                   |   32|   0|   32|          0|
    |shift_load_290_reg_4225                  |   32|   0|   32|          0|
    |shift_load_291_reg_4231                  |   32|   0|   32|          0|
    |shift_load_292_reg_4242                  |   32|   0|   32|          0|
    |shift_load_293_reg_4248                  |   32|   0|   32|          0|
    |shift_load_294_reg_4259                  |   32|   0|   32|          0|
    |shift_load_295_reg_4265                  |   32|   0|   32|          0|
    |shift_load_296_reg_4276                  |   32|   0|   32|          0|
    |shift_load_297_reg_4282                  |   32|   0|   32|          0|
    |shift_load_298_reg_4293                  |   32|   0|   32|          0|
    |shift_load_299_reg_4299                  |   32|   0|   32|          0|
    |shift_load_29_reg_2054                   |   32|   0|   32|          0|
    |shift_load_2_reg_1887                    |   32|   0|   32|          0|
    |shift_load_300_reg_4310                  |   32|   0|   32|          0|
    |shift_load_301_reg_4316                  |   32|   0|   32|          0|
    |shift_load_302_reg_4327                  |   32|   0|   32|          0|
    |shift_load_303_reg_4333                  |   32|   0|   32|          0|
    |shift_load_304_reg_4344                  |   32|   0|   32|          0|
    |shift_load_305_reg_4350                  |   32|   0|   32|          0|
    |shift_load_307_reg_4361                  |   32|   0|   32|          0|
    |shift_load_30_reg_2065                   |   32|   0|   32|          0|
    |shift_load_31_reg_2071                   |   32|   0|   32|          0|
    |shift_load_32_reg_2082                   |   32|   0|   32|          0|
    |shift_load_33_reg_2088                   |   32|   0|   32|          0|
    |shift_load_34_reg_2099                   |   32|   0|   32|          0|
    |shift_load_35_reg_2105                   |   32|   0|   32|          0|
    |shift_load_36_reg_2111                   |   32|   0|   32|          0|
    |shift_load_37_reg_2117                   |   32|   0|   32|          0|
    |shift_load_38_reg_2128                   |   32|   0|   32|          0|
    |shift_load_39_reg_2134                   |   32|   0|   32|          0|
    |shift_load_3_reg_1893                    |   32|   0|   32|          0|
    |shift_load_40_reg_2145                   |   32|   0|   32|          0|
    |shift_load_41_reg_2151                   |   32|   0|   32|          0|
    |shift_load_42_reg_2162                   |   32|   0|   32|          0|
    |shift_load_43_reg_2168                   |   32|   0|   32|          0|
    |shift_load_44_reg_2179                   |   32|   0|   32|          0|
    |shift_load_45_reg_2185                   |   32|   0|   32|          0|
    |shift_load_46_reg_2191                   |   32|   0|   32|          0|
    |shift_load_47_reg_2197                   |   32|   0|   32|          0|
    |shift_load_48_reg_2208                   |   32|   0|   32|          0|
    |shift_load_49_reg_2214                   |   32|   0|   32|          0|
    |shift_load_4_reg_1899                    |   32|   0|   32|          0|
    |shift_load_50_reg_2225                   |   32|   0|   32|          0|
    |shift_load_51_reg_2231                   |   32|   0|   32|          0|
    |shift_load_52_reg_2242                   |   32|   0|   32|          0|
    |shift_load_53_reg_2248                   |   32|   0|   32|          0|
    |shift_load_54_reg_2259                   |   32|   0|   32|          0|
    |shift_load_55_reg_2265                   |   32|   0|   32|          0|
    |shift_load_56_reg_2271                   |   32|   0|   32|          0|
    |shift_load_57_reg_2277                   |   32|   0|   32|          0|
    |shift_load_58_reg_2288                   |   32|   0|   32|          0|
    |shift_load_59_reg_2294                   |   32|   0|   32|          0|
    |shift_load_5_reg_1905                    |   32|   0|   32|          0|
    |shift_load_60_reg_2305                   |   32|   0|   32|          0|
    |shift_load_61_reg_2311                   |   32|   0|   32|          0|
    |shift_load_62_reg_2322                   |   32|   0|   32|          0|
    |shift_load_63_reg_2328                   |   32|   0|   32|          0|
    |shift_load_64_reg_2339                   |   32|   0|   32|          0|
    |shift_load_65_reg_2345                   |   32|   0|   32|          0|
    |shift_load_66_reg_2351                   |   32|   0|   32|          0|
    |shift_load_67_reg_2357                   |   32|   0|   32|          0|
    |shift_load_68_reg_2368                   |   32|   0|   32|          0|
    |shift_load_69_reg_2374                   |   32|   0|   32|          0|
    |shift_load_6_reg_1916                    |   32|   0|   32|          0|
    |shift_load_70_reg_2385                   |   32|   0|   32|          0|
    |shift_load_71_reg_2391                   |   32|   0|   32|          0|
    |shift_load_72_reg_2402                   |   32|   0|   32|          0|
    |shift_load_73_reg_2408                   |   32|   0|   32|          0|
    |shift_load_74_reg_2419                   |   32|   0|   32|          0|
    |shift_load_75_reg_2425                   |   32|   0|   32|          0|
    |shift_load_76_reg_2431                   |   32|   0|   32|          0|
    |shift_load_77_reg_2437                   |   32|   0|   32|          0|
    |shift_load_78_reg_2448                   |   32|   0|   32|          0|
    |shift_load_79_reg_2454                   |   32|   0|   32|          0|
    |shift_load_7_reg_1922                    |   32|   0|   32|          0|
    |shift_load_80_reg_2465                   |   32|   0|   32|          0|
    |shift_load_81_reg_2471                   |   32|   0|   32|          0|
    |shift_load_82_reg_2482                   |   32|   0|   32|          0|
    |shift_load_83_reg_2488                   |   32|   0|   32|          0|
    |shift_load_84_reg_2499                   |   32|   0|   32|          0|
    |shift_load_85_reg_2505                   |   32|   0|   32|          0|
    |shift_load_86_reg_2511                   |   32|   0|   32|          0|
    |shift_load_87_reg_2517                   |   32|   0|   32|          0|
    |shift_load_88_reg_2528                   |   32|   0|   32|          0|
    |shift_load_89_reg_2534                   |   32|   0|   32|          0|
    |shift_load_8_reg_1928                    |   32|   0|   32|          0|
    |shift_load_90_reg_2545                   |   32|   0|   32|          0|
    |shift_load_91_reg_2551                   |   32|   0|   32|          0|
    |shift_load_92_reg_2562                   |   32|   0|   32|          0|
    |shift_load_93_reg_2568                   |   32|   0|   32|          0|
    |shift_load_94_reg_2579                   |   32|   0|   32|          0|
    |shift_load_95_reg_2585                   |   32|   0|   32|          0|
    |shift_load_96_reg_2591                   |   32|   0|   32|          0|
    |shift_load_97_reg_2597                   |   32|   0|   32|          0|
    |shift_load_98_reg_2608                   |   32|   0|   32|          0|
    |shift_load_99_reg_2614                   |   32|   0|   32|          0|
    |shift_load_9_reg_1934                    |   32|   0|   32|          0|
    |tmp_4_100_reg_3523                       |   32|   0|   32|          0|
    |tmp_4_101_reg_3540                       |   32|   0|   32|          0|
    |tmp_4_102_reg_3557                       |   32|   0|   32|          0|
    |tmp_4_103_reg_3574                       |   32|   0|   32|          0|
    |tmp_4_104_reg_3591                       |   32|   0|   32|          0|
    |tmp_4_105_reg_3608                       |   32|   0|   32|          0|
    |tmp_4_106_reg_3625                       |   32|   0|   32|          0|
    |tmp_4_107_reg_3642                       |   32|   0|   32|          0|
    |tmp_4_108_reg_3659                       |   32|   0|   32|          0|
    |tmp_4_109_reg_3676                       |   32|   0|   32|          0|
    |tmp_4_110_reg_3693                       |   32|   0|   32|          0|
    |tmp_4_111_reg_3710                       |   32|   0|   32|          0|
    |tmp_4_112_reg_3727                       |   32|   0|   32|          0|
    |tmp_4_113_reg_3744                       |   32|   0|   32|          0|
    |tmp_4_114_reg_3761                       |   32|   0|   32|          0|
    |tmp_4_115_reg_3778                       |   32|   0|   32|          0|
    |tmp_4_116_reg_3795                       |   32|   0|   32|          0|
    |tmp_4_117_reg_3812                       |   32|   0|   32|          0|
    |tmp_4_118_reg_3829                       |   32|   0|   32|          0|
    |tmp_4_119_reg_3846                       |   32|   0|   32|          0|
    |tmp_4_11_reg_2060                        |   32|   0|   32|          0|
    |tmp_4_120_reg_3863                       |   32|   0|   32|          0|
    |tmp_4_121_reg_3880                       |   32|   0|   32|          0|
    |tmp_4_122_reg_3897                       |   32|   0|   32|          0|
    |tmp_4_123_reg_3914                       |   32|   0|   32|          0|
    |tmp_4_124_reg_3931                       |   32|   0|   32|          0|
    |tmp_4_125_reg_3948                       |   32|   0|   32|          0|
    |tmp_4_126_reg_3965                       |   32|   0|   32|          0|
    |tmp_4_127_reg_3982                       |   32|   0|   32|          0|
    |tmp_4_128_reg_3999                       |   32|   0|   32|          0|
    |tmp_4_129_reg_4016                       |   32|   0|   32|          0|
    |tmp_4_12_reg_2077                        |   32|   0|   32|          0|
    |tmp_4_130_reg_4033                       |   32|   0|   32|          0|
    |tmp_4_131_reg_4050                       |   32|   0|   32|          0|
    |tmp_4_132_reg_4067                       |   32|   0|   32|          0|
    |tmp_4_133_reg_4084                       |   32|   0|   32|          0|
    |tmp_4_134_reg_4101                       |   32|   0|   32|          0|
    |tmp_4_135_reg_4118                       |   32|   0|   32|          0|
    |tmp_4_136_reg_4135                       |   32|   0|   32|          0|
    |tmp_4_137_reg_4152                       |   32|   0|   32|          0|
    |tmp_4_138_reg_4169                       |   32|   0|   32|          0|
    |tmp_4_139_reg_4186                       |   32|   0|   32|          0|
    |tmp_4_13_reg_2094                        |   32|   0|   32|          0|
    |tmp_4_140_reg_4203                       |   32|   0|   32|          0|
    |tmp_4_141_reg_4220                       |   32|   0|   32|          0|
    |tmp_4_142_reg_4237                       |   32|   0|   32|          0|
    |tmp_4_143_reg_4254                       |   32|   0|   32|          0|
    |tmp_4_144_reg_4271                       |   32|   0|   32|          0|
    |tmp_4_145_reg_4288                       |   32|   0|   32|          0|
    |tmp_4_146_reg_4305                       |   32|   0|   32|          0|
    |tmp_4_147_reg_4322                       |   32|   0|   32|          0|
    |tmp_4_148_reg_4339                       |   32|   0|   32|          0|
    |tmp_4_149_reg_4356                       |   32|   0|   32|          0|
    |tmp_4_150_reg_4367                       |   32|   0|   32|          0|
    |tmp_4_151_reg_4372                       |   32|   0|   32|          0|
    |tmp_4_152_reg_4377                       |   32|   0|   32|          0|
    |tmp_4_153_reg_4382                       |   32|   0|   32|          0|
    |tmp_4_154_reg_4387                       |   32|   0|   32|          0|
    |tmp_4_155_reg_4392                       |   32|   0|   32|          0|
    |tmp_4_156_reg_4397                       |   32|   0|   32|          0|
    |tmp_4_157_reg_4402                       |   32|   0|   32|          0|
    |tmp_4_158_reg_4407                       |   32|   0|   32|          0|
    |tmp_4_159_reg_4412                       |   32|   0|   32|          0|
    |tmp_4_15_reg_2123                        |   32|   0|   32|          0|
    |tmp_4_160_reg_4417                       |   32|   0|   32|          0|
    |tmp_4_161_reg_4422                       |   32|   0|   32|          0|
    |tmp_4_162_reg_4427                       |   32|   0|   32|          0|
    |tmp_4_163_reg_4432                       |   32|   0|   32|          0|
    |tmp_4_164_reg_4437                       |   32|   0|   32|          0|
    |tmp_4_165_reg_4442                       |   32|   0|   32|          0|
    |tmp_4_166_reg_4447                       |   32|   0|   32|          0|
    |tmp_4_167_reg_4452                       |   32|   0|   32|          0|
    |tmp_4_168_reg_4457                       |   32|   0|   32|          0|
    |tmp_4_169_reg_4462                       |   32|   0|   32|          0|
    |tmp_4_16_reg_2140                        |   32|   0|   32|          0|
    |tmp_4_170_reg_4467                       |   32|   0|   32|          0|
    |tmp_4_171_reg_4472                       |   32|   0|   32|          0|
    |tmp_4_172_reg_4477                       |   32|   0|   32|          0|
    |tmp_4_173_reg_4482                       |   32|   0|   32|          0|
    |tmp_4_174_reg_4487                       |   32|   0|   32|          0|
    |tmp_4_175_reg_4492                       |   32|   0|   32|          0|
    |tmp_4_176_reg_4497                       |   32|   0|   32|          0|
    |tmp_4_177_reg_4502                       |   32|   0|   32|          0|
    |tmp_4_178_reg_4507                       |   32|   0|   32|          0|
    |tmp_4_179_reg_4512                       |   32|   0|   32|          0|
    |tmp_4_17_reg_2157                        |   32|   0|   32|          0|
    |tmp_4_180_reg_4517                       |   32|   0|   32|          0|
    |tmp_4_181_reg_4522                       |   32|   0|   32|          0|
    |tmp_4_182_reg_4527                       |   32|   0|   32|          0|
    |tmp_4_183_reg_4532                       |   32|   0|   32|          0|
    |tmp_4_184_reg_4537                       |   32|   0|   32|          0|
    |tmp_4_185_reg_4542                       |   32|   0|   32|          0|
    |tmp_4_186_reg_4547                       |   32|   0|   32|          0|
    |tmp_4_187_reg_4552                       |   32|   0|   32|          0|
    |tmp_4_188_reg_4557                       |   32|   0|   32|          0|
    |tmp_4_189_reg_4562                       |   32|   0|   32|          0|
    |tmp_4_18_reg_2174                        |   32|   0|   32|          0|
    |tmp_4_190_reg_4567                       |   32|   0|   32|          0|
    |tmp_4_191_reg_4572                       |   32|   0|   32|          0|
    |tmp_4_192_reg_4577                       |   32|   0|   32|          0|
    |tmp_4_193_reg_4582                       |   32|   0|   32|          0|
    |tmp_4_194_reg_4587                       |   32|   0|   32|          0|
    |tmp_4_195_reg_4592                       |   32|   0|   32|          0|
    |tmp_4_196_reg_4597                       |   32|   0|   32|          0|
    |tmp_4_197_reg_4602                       |   32|   0|   32|          0|
    |tmp_4_198_reg_4607                       |   32|   0|   32|          0|
    |tmp_4_199_reg_4612                       |   32|   0|   32|          0|
    |tmp_4_200_reg_4617                       |   32|   0|   32|          0|
    |tmp_4_201_reg_4622                       |   32|   0|   32|          0|
    |tmp_4_202_reg_4627                       |   32|   0|   32|          0|
    |tmp_4_203_reg_4632                       |   32|   0|   32|          0|
    |tmp_4_204_reg_4637                       |   32|   0|   32|          0|
    |tmp_4_205_reg_4642                       |   32|   0|   32|          0|
    |tmp_4_206_reg_4647                       |   32|   0|   32|          0|
    |tmp_4_207_reg_4652                       |   32|   0|   32|          0|
    |tmp_4_208_reg_4657                       |   32|   0|   32|          0|
    |tmp_4_209_reg_4662                       |   32|   0|   32|          0|
    |tmp_4_20_reg_2203                        |   32|   0|   32|          0|
    |tmp_4_210_reg_4667                       |   32|   0|   32|          0|
    |tmp_4_211_reg_4672                       |   32|   0|   32|          0|
    |tmp_4_212_reg_4677                       |   32|   0|   32|          0|
    |tmp_4_213_reg_4682                       |   32|   0|   32|          0|
    |tmp_4_214_reg_4687                       |   32|   0|   32|          0|
    |tmp_4_215_reg_4692                       |   32|   0|   32|          0|
    |tmp_4_216_reg_4697                       |   32|   0|   32|          0|
    |tmp_4_217_reg_4702                       |   32|   0|   32|          0|
    |tmp_4_218_reg_4707                       |   32|   0|   32|          0|
    |tmp_4_219_reg_4712                       |   32|   0|   32|          0|
    |tmp_4_21_reg_2220                        |   32|   0|   32|          0|
    |tmp_4_220_reg_4717                       |   32|   0|   32|          0|
    |tmp_4_221_reg_4722                       |   32|   0|   32|          0|
    |tmp_4_222_reg_4727                       |   32|   0|   32|          0|
    |tmp_4_223_reg_4732                       |   32|   0|   32|          0|
    |tmp_4_224_reg_4737                       |   32|   0|   32|          0|
    |tmp_4_225_reg_4742                       |   32|   0|   32|          0|
    |tmp_4_226_reg_4747                       |   32|   0|   32|          0|
    |tmp_4_227_reg_4752                       |   32|   0|   32|          0|
    |tmp_4_228_reg_4757                       |   32|   0|   32|          0|
    |tmp_4_229_reg_4762                       |   32|   0|   32|          0|
    |tmp_4_22_reg_2237                        |   32|   0|   32|          0|
    |tmp_4_230_reg_4767                       |   32|   0|   32|          0|
    |tmp_4_231_reg_4772                       |   32|   0|   32|          0|
    |tmp_4_232_reg_4777                       |   32|   0|   32|          0|
    |tmp_4_233_reg_4782                       |   32|   0|   32|          0|
    |tmp_4_234_reg_4787                       |   32|   0|   32|          0|
    |tmp_4_235_reg_4792                       |   32|   0|   32|          0|
    |tmp_4_236_reg_4797                       |   32|   0|   32|          0|
    |tmp_4_237_reg_4802                       |   32|   0|   32|          0|
    |tmp_4_238_reg_4807                       |   32|   0|   32|          0|
    |tmp_4_239_reg_4812                       |   32|   0|   32|          0|
    |tmp_4_23_reg_2254                        |   32|   0|   32|          0|
    |tmp_4_240_reg_4817                       |   32|   0|   32|          0|
    |tmp_4_241_reg_4822                       |   32|   0|   32|          0|
    |tmp_4_242_reg_4827                       |   32|   0|   32|          0|
    |tmp_4_243_reg_4832                       |   32|   0|   32|          0|
    |tmp_4_244_reg_4837                       |   32|   0|   32|          0|
    |tmp_4_245_reg_4842                       |   32|   0|   32|          0|
    |tmp_4_246_reg_4847                       |   32|   0|   32|          0|
    |tmp_4_247_reg_4852                       |   32|   0|   32|          0|
    |tmp_4_248_reg_4857                       |   32|   0|   32|          0|
    |tmp_4_249_reg_4862                       |   32|   0|   32|          0|
    |tmp_4_250_reg_4867                       |   32|   0|   32|          0|
    |tmp_4_251_reg_4872                       |   32|   0|   32|          0|
    |tmp_4_252_reg_4877                       |   32|   0|   32|          0|
    |tmp_4_253_reg_4882                       |   32|   0|   32|          0|
    |tmp_4_254_reg_4887                       |   32|   0|   32|          0|
    |tmp_4_255_reg_4892                       |   32|   0|   32|          0|
    |tmp_4_256_reg_4897                       |   32|   0|   32|          0|
    |tmp_4_257_reg_4902                       |   32|   0|   32|          0|
    |tmp_4_258_reg_4907                       |   32|   0|   32|          0|
    |tmp_4_259_reg_4912                       |   32|   0|   32|          0|
    |tmp_4_25_reg_2283                        |   32|   0|   32|          0|
    |tmp_4_260_reg_4917                       |   32|   0|   32|          0|
    |tmp_4_261_reg_4922                       |   32|   0|   32|          0|
    |tmp_4_262_reg_4927                       |   32|   0|   32|          0|
    |tmp_4_263_reg_4932                       |   32|   0|   32|          0|
    |tmp_4_264_reg_4937                       |   32|   0|   32|          0|
    |tmp_4_265_reg_4942                       |   32|   0|   32|          0|
    |tmp_4_266_reg_4947                       |   32|   0|   32|          0|
    |tmp_4_267_reg_4952                       |   32|   0|   32|          0|
    |tmp_4_268_reg_4957                       |   32|   0|   32|          0|
    |tmp_4_269_reg_4962                       |   32|   0|   32|          0|
    |tmp_4_26_reg_2300                        |   32|   0|   32|          0|
    |tmp_4_270_reg_4967                       |   32|   0|   32|          0|
    |tmp_4_271_reg_4972                       |   32|   0|   32|          0|
    |tmp_4_272_reg_4977                       |   32|   0|   32|          0|
    |tmp_4_273_reg_4982                       |   32|   0|   32|          0|
    |tmp_4_274_reg_4987                       |   32|   0|   32|          0|
    |tmp_4_275_reg_4992                       |   32|   0|   32|          0|
    |tmp_4_276_reg_4997                       |   32|   0|   32|          0|
    |tmp_4_277_reg_5002                       |   32|   0|   32|          0|
    |tmp_4_278_reg_5007                       |   32|   0|   32|          0|
    |tmp_4_279_reg_5012                       |   32|   0|   32|          0|
    |tmp_4_27_reg_2317                        |   32|   0|   32|          0|
    |tmp_4_280_reg_5017                       |   32|   0|   32|          0|
    |tmp_4_281_reg_5022                       |   32|   0|   32|          0|
    |tmp_4_282_reg_5027                       |   32|   0|   32|          0|
    |tmp_4_283_reg_5032                       |   32|   0|   32|          0|
    |tmp_4_284_reg_5037                       |   32|   0|   32|          0|
    |tmp_4_285_reg_5042                       |   32|   0|   32|          0|
    |tmp_4_286_reg_5047                       |   32|   0|   32|          0|
    |tmp_4_287_reg_5052                       |   32|   0|   32|          0|
    |tmp_4_288_reg_5057                       |   32|   0|   32|          0|
    |tmp_4_289_reg_5062                       |   32|   0|   32|          0|
    |tmp_4_28_reg_2334                        |   32|   0|   32|          0|
    |tmp_4_290_reg_5067                       |   32|   0|   32|          0|
    |tmp_4_291_reg_5072                       |   32|   0|   32|          0|
    |tmp_4_292_reg_5077                       |   32|   0|   32|          0|
    |tmp_4_293_reg_5082                       |   32|   0|   32|          0|
    |tmp_4_294_reg_5087                       |   32|   0|   32|          0|
    |tmp_4_295_reg_5092                       |   32|   0|   32|          0|
    |tmp_4_296_reg_5097                       |   32|   0|   32|          0|
    |tmp_4_297_reg_5102                       |   32|   0|   32|          0|
    |tmp_4_298_reg_5107                       |   32|   0|   32|          0|
    |tmp_4_299_reg_5112                       |   32|   0|   32|          0|
    |tmp_4_300_reg_5117                       |   32|   0|   32|          0|
    |tmp_4_301_reg_5122                       |   32|   0|   32|          0|
    |tmp_4_302_reg_5127                       |   32|   0|   32|          0|
    |tmp_4_303_reg_5132                       |   32|   0|   32|          0|
    |tmp_4_304_reg_5137                       |   32|   0|   32|          0|
    |tmp_4_305_reg_5142                       |   32|   0|   32|          0|
    |tmp_4_306_reg_5147                       |   32|   0|   32|          0|
    |tmp_4_30_reg_2363                        |   32|   0|   32|          0|
    |tmp_4_31_reg_2380                        |   32|   0|   32|          0|
    |tmp_4_32_reg_2397                        |   32|   0|   32|          0|
    |tmp_4_33_reg_2414                        |   32|   0|   32|          0|
    |tmp_4_35_reg_2443                        |   32|   0|   32|          0|
    |tmp_4_36_reg_2460                        |   32|   0|   32|          0|
    |tmp_4_37_reg_2477                        |   32|   0|   32|          0|
    |tmp_4_38_reg_2494                        |   32|   0|   32|          0|
    |tmp_4_40_reg_2523                        |   32|   0|   32|          0|
    |tmp_4_41_reg_2540                        |   32|   0|   32|          0|
    |tmp_4_42_reg_2557                        |   32|   0|   32|          0|
    |tmp_4_43_reg_2574                        |   32|   0|   32|          0|
    |tmp_4_45_reg_2603                        |   32|   0|   32|          0|
    |tmp_4_46_reg_2620                        |   32|   0|   32|          0|
    |tmp_4_47_reg_2637                        |   32|   0|   32|          0|
    |tmp_4_48_reg_2654                        |   32|   0|   32|          0|
    |tmp_4_50_reg_2683                        |   32|   0|   32|          0|
    |tmp_4_51_reg_2700                        |   32|   0|   32|          0|
    |tmp_4_52_reg_2717                        |   32|   0|   32|          0|
    |tmp_4_53_reg_2734                        |   32|   0|   32|          0|
    |tmp_4_55_reg_2763                        |   32|   0|   32|          0|
    |tmp_4_56_reg_2780                        |   32|   0|   32|          0|
    |tmp_4_57_reg_2797                        |   32|   0|   32|          0|
    |tmp_4_58_reg_2814                        |   32|   0|   32|          0|
    |tmp_4_60_reg_2843                        |   32|   0|   32|          0|
    |tmp_4_61_reg_2860                        |   32|   0|   32|          0|
    |tmp_4_62_reg_2877                        |   32|   0|   32|          0|
    |tmp_4_63_reg_2894                        |   32|   0|   32|          0|
    |tmp_4_64_reg_2911                        |   32|   0|   32|          0|
    |tmp_4_65_reg_2928                        |   32|   0|   32|          0|
    |tmp_4_66_reg_2945                        |   32|   0|   32|          0|
    |tmp_4_67_reg_2962                        |   32|   0|   32|          0|
    |tmp_4_68_reg_2979                        |   32|   0|   32|          0|
    |tmp_4_69_reg_2996                        |   32|   0|   32|          0|
    |tmp_4_70_reg_3013                        |   32|   0|   32|          0|
    |tmp_4_71_reg_3030                        |   32|   0|   32|          0|
    |tmp_4_72_reg_3047                        |   32|   0|   32|          0|
    |tmp_4_73_reg_3064                        |   32|   0|   32|          0|
    |tmp_4_74_reg_3081                        |   32|   0|   32|          0|
    |tmp_4_75_reg_3098                        |   32|   0|   32|          0|
    |tmp_4_76_reg_3115                        |   32|   0|   32|          0|
    |tmp_4_77_reg_3132                        |   32|   0|   32|          0|
    |tmp_4_78_reg_3149                        |   32|   0|   32|          0|
    |tmp_4_79_reg_3166                        |   32|   0|   32|          0|
    |tmp_4_80_reg_3183                        |   32|   0|   32|          0|
    |tmp_4_81_reg_3200                        |   32|   0|   32|          0|
    |tmp_4_82_reg_3217                        |   32|   0|   32|          0|
    |tmp_4_83_reg_3234                        |   32|   0|   32|          0|
    |tmp_4_84_reg_3251                        |   32|   0|   32|          0|
    |tmp_4_85_reg_3268                        |   32|   0|   32|          0|
    |tmp_4_86_reg_3285                        |   32|   0|   32|          0|
    |tmp_4_87_reg_3302                        |   32|   0|   32|          0|
    |tmp_4_88_reg_3319                        |   32|   0|   32|          0|
    |tmp_4_89_reg_3336                        |   32|   0|   32|          0|
    |tmp_4_90_reg_3353                        |   32|   0|   32|          0|
    |tmp_4_91_reg_3370                        |   32|   0|   32|          0|
    |tmp_4_92_reg_3387                        |   32|   0|   32|          0|
    |tmp_4_93_reg_3404                        |   32|   0|   32|          0|
    |tmp_4_94_reg_3421                        |   32|   0|   32|          0|
    |tmp_4_95_reg_3438                        |   32|   0|   32|          0|
    |tmp_4_96_reg_3455                        |   32|   0|   32|          0|
    |tmp_4_97_reg_3472                        |   32|   0|   32|          0|
    |tmp_4_98_reg_3489                        |   32|   0|   32|          0|
    |tmp_4_99_reg_3506                        |   32|   0|   32|          0|
    |tmp_6_reg_1911                           |   32|   0|   32|          0|
    |tmp_8_reg_1877                           |    1|   0|    1|          0|
    |tmp_4_153_reg_4382                       |    0|  32|   32|          0|
    |tmp_4_154_reg_4387                       |    0|  32|   32|          0|
    |tmp_4_155_reg_4392                       |    0|  32|   32|          0|
    |tmp_4_156_reg_4397                       |    0|  32|   32|          0|
    |tmp_4_157_reg_4402                       |    0|  32|   32|          0|
    |tmp_4_158_reg_4407                       |    0|  32|   32|          0|
    |tmp_4_159_reg_4412                       |    0|  32|   32|          0|
    |tmp_4_160_reg_4417                       |    0|  32|   32|          0|
    |tmp_4_161_reg_4422                       |    0|  32|   32|          0|
    |tmp_4_162_reg_4427                       |    0|  32|   32|          0|
    |tmp_4_163_reg_4432                       |    0|  32|   32|          0|
    |tmp_4_164_reg_4437                       |    0|  32|   32|          0|
    |tmp_4_165_reg_4442                       |    0|  32|   32|          0|
    |tmp_4_166_reg_4447                       |    0|  32|   32|          0|
    |tmp_4_167_reg_4452                       |    0|  32|   32|          0|
    |tmp_4_168_reg_4457                       |    0|  32|   32|          0|
    |tmp_4_169_reg_4462                       |    0|  32|   32|          0|
    |tmp_4_170_reg_4467                       |    0|  32|   32|          0|
    |tmp_4_171_reg_4472                       |    0|  32|   32|          0|
    |tmp_4_172_reg_4477                       |    0|  32|   32|          0|
    |tmp_4_173_reg_4482                       |    0|  32|   32|          0|
    |tmp_4_174_reg_4487                       |    0|  32|   32|          0|
    |tmp_4_175_reg_4492                       |    0|  32|   32|          0|
    |tmp_4_176_reg_4497                       |    0|  32|   32|          0|
    |tmp_4_177_reg_4502                       |    0|  32|   32|          0|
    |tmp_4_178_reg_4507                       |    0|  32|   32|          0|
    |tmp_4_179_reg_4512                       |    0|  32|   32|          0|
    |tmp_4_180_reg_4517                       |    0|  32|   32|          0|
    |tmp_4_181_reg_4522                       |    0|  32|   32|          0|
    |tmp_4_182_reg_4527                       |    0|  32|   32|          0|
    |tmp_4_183_reg_4532                       |    0|  32|   32|          0|
    |tmp_4_184_reg_4537                       |    0|  32|   32|          0|
    |tmp_4_185_reg_4542                       |    0|  32|   32|          0|
    |tmp_4_186_reg_4547                       |    0|  32|   32|          0|
    |tmp_4_187_reg_4552                       |    0|  32|   32|          0|
    |tmp_4_188_reg_4557                       |    0|  32|   32|          0|
    |tmp_4_189_reg_4562                       |    0|  32|   32|          0|
    |tmp_4_190_reg_4567                       |    0|  32|   32|          0|
    |tmp_4_191_reg_4572                       |    0|  32|   32|          0|
    |tmp_4_192_reg_4577                       |    0|  32|   32|          0|
    |tmp_4_193_reg_4582                       |    0|  32|   32|          0|
    |tmp_4_194_reg_4587                       |    0|  32|   32|          0|
    |tmp_4_195_reg_4592                       |    0|  32|   32|          0|
    |tmp_4_196_reg_4597                       |    0|  32|   32|          0|
    |tmp_4_197_reg_4602                       |    0|  32|   32|          0|
    |tmp_4_198_reg_4607                       |    0|  32|   32|          0|
    |tmp_4_199_reg_4612                       |    0|  32|   32|          0|
    |tmp_4_200_reg_4617                       |    0|  32|   32|          0|
    |tmp_4_201_reg_4622                       |    0|  32|   32|          0|
    |tmp_4_202_reg_4627                       |    0|  32|   32|          0|
    |tmp_4_203_reg_4632                       |    0|  32|   32|          0|
    |tmp_4_204_reg_4637                       |    0|  32|   32|          0|
    |tmp_4_205_reg_4642                       |    0|  32|   32|          0|
    |tmp_4_206_reg_4647                       |    0|  32|   32|          0|
    |tmp_4_207_reg_4652                       |    0|  32|   32|          0|
    |tmp_4_208_reg_4657                       |    0|  32|   32|          0|
    |tmp_4_209_reg_4662                       |    0|  32|   32|          0|
    |tmp_4_210_reg_4667                       |    0|  32|   32|          0|
    |tmp_4_211_reg_4672                       |    0|  32|   32|          0|
    |tmp_4_212_reg_4677                       |    0|  32|   32|          0|
    |tmp_4_213_reg_4682                       |    0|  32|   32|          0|
    |tmp_4_214_reg_4687                       |    0|  32|   32|          0|
    |tmp_4_215_reg_4692                       |    0|  32|   32|          0|
    |tmp_4_216_reg_4697                       |    0|  32|   32|          0|
    |tmp_4_217_reg_4702                       |    0|  32|   32|          0|
    |tmp_4_218_reg_4707                       |    0|  32|   32|          0|
    |tmp_4_219_reg_4712                       |    0|  32|   32|          0|
    |tmp_4_220_reg_4717                       |    0|  32|   32|          0|
    |tmp_4_221_reg_4722                       |    0|  32|   32|          0|
    |tmp_4_222_reg_4727                       |    0|  32|   32|          0|
    |tmp_4_223_reg_4732                       |    0|  32|   32|          0|
    |tmp_4_224_reg_4737                       |    0|  32|   32|          0|
    |tmp_4_225_reg_4742                       |    0|  32|   32|          0|
    |tmp_4_226_reg_4747                       |    0|  32|   32|          0|
    |tmp_4_227_reg_4752                       |    0|  32|   32|          0|
    |tmp_4_228_reg_4757                       |    0|  32|   32|          0|
    |tmp_4_229_reg_4762                       |    0|  32|   32|          0|
    |tmp_4_230_reg_4767                       |    0|  32|   32|          0|
    |tmp_4_231_reg_4772                       |    0|  32|   32|          0|
    |tmp_4_232_reg_4777                       |    0|  32|   32|          0|
    |tmp_4_233_reg_4782                       |    0|  32|   32|          0|
    |tmp_4_234_reg_4787                       |    0|  32|   32|          0|
    |tmp_4_235_reg_4792                       |    0|  32|   32|          0|
    |tmp_4_236_reg_4797                       |    0|  32|   32|          0|
    |tmp_4_237_reg_4802                       |    0|  32|   32|          0|
    |tmp_4_238_reg_4807                       |    0|  32|   32|          0|
    |tmp_4_239_reg_4812                       |    0|  32|   32|          0|
    |tmp_4_240_reg_4817                       |    0|  32|   32|          0|
    |tmp_4_241_reg_4822                       |    0|  32|   32|          0|
    |tmp_4_242_reg_4827                       |    0|  32|   32|          0|
    |tmp_4_243_reg_4832                       |    0|  32|   32|          0|
    |tmp_4_244_reg_4837                       |    0|  32|   32|          0|
    |tmp_4_245_reg_4842                       |    0|  32|   32|          0|
    |tmp_4_246_reg_4847                       |    0|  32|   32|          0|
    |tmp_4_247_reg_4852                       |    0|  32|   32|          0|
    |tmp_4_248_reg_4857                       |    0|  32|   32|          0|
    |tmp_4_249_reg_4862                       |    0|  32|   32|          0|
    |tmp_4_250_reg_4867                       |    0|  32|   32|          0|
    |tmp_4_251_reg_4872                       |    0|  32|   32|          0|
    |tmp_4_252_reg_4877                       |    0|  32|   32|          0|
    |tmp_4_253_reg_4882                       |    0|  32|   32|          0|
    |tmp_4_254_reg_4887                       |    0|  32|   32|          0|
    |tmp_4_255_reg_4892                       |    0|  32|   32|          0|
    |tmp_4_256_reg_4897                       |    0|  32|   32|          0|
    |tmp_4_257_reg_4902                       |    0|  32|   32|          0|
    |tmp_4_258_reg_4907                       |    0|  32|   32|          0|
    |tmp_4_259_reg_4912                       |    0|  32|   32|          0|
    |tmp_4_260_reg_4917                       |    0|  32|   32|          0|
    |tmp_4_261_reg_4922                       |    0|  32|   32|          0|
    |tmp_4_262_reg_4927                       |    0|  32|   32|          0|
    |tmp_4_263_reg_4932                       |    0|  32|   32|          0|
    |tmp_4_264_reg_4937                       |    0|  32|   32|          0|
    |tmp_4_265_reg_4942                       |    0|  32|   32|          0|
    |tmp_4_266_reg_4947                       |    0|  32|   32|          0|
    |tmp_4_267_reg_4952                       |    0|  32|   32|          0|
    |tmp_4_268_reg_4957                       |    0|  32|   32|          0|
    |tmp_4_269_reg_4962                       |    0|  32|   32|          0|
    |tmp_4_270_reg_4967                       |    0|  32|   32|          0|
    |tmp_4_271_reg_4972                       |    0|  32|   32|          0|
    |tmp_4_272_reg_4977                       |    0|  32|   32|          0|
    |tmp_4_273_reg_4982                       |    0|  32|   32|          0|
    |tmp_4_274_reg_4987                       |    0|  32|   32|          0|
    |tmp_4_275_reg_4992                       |    0|  32|   32|          0|
    |tmp_4_276_reg_4997                       |    0|  32|   32|          0|
    |tmp_4_277_reg_5002                       |    0|  32|   32|          0|
    |tmp_4_278_reg_5007                       |    0|  32|   32|          0|
    |tmp_4_279_reg_5012                       |    0|  32|   32|          0|
    |tmp_4_280_reg_5017                       |    0|  32|   32|          0|
    |tmp_4_281_reg_5022                       |    0|  32|   32|          0|
    |tmp_4_282_reg_5027                       |    0|  32|   32|          0|
    |tmp_4_283_reg_5032                       |    0|  32|   32|          0|
    |tmp_4_284_reg_5037                       |    0|  32|   32|          0|
    |tmp_4_285_reg_5042                       |    0|  32|   32|          0|
    |tmp_4_286_reg_5047                       |    0|  32|   32|          0|
    |tmp_4_287_reg_5052                       |    0|  32|   32|          0|
    |tmp_4_288_reg_5057                       |    0|  32|   32|          0|
    |tmp_4_289_reg_5062                       |    0|  32|   32|          0|
    |tmp_4_290_reg_5067                       |    0|  32|   32|          0|
    |tmp_4_291_reg_5072                       |    0|  32|   32|          0|
    |tmp_4_292_reg_5077                       |    0|  32|   32|          0|
    |tmp_4_293_reg_5082                       |    0|  32|   32|          0|
    |tmp_4_294_reg_5087                       |    0|  32|   32|          0|
    |tmp_4_295_reg_5092                       |    0|  32|   32|          0|
    |tmp_4_296_reg_5097                       |    0|  32|   32|          0|
    |tmp_4_297_reg_5102                       |    0|  32|   32|          0|
    |tmp_4_298_reg_5107                       |    0|  32|   32|          0|
    |tmp_4_299_reg_5112                       |    0|  32|   32|          0|
    |tmp_4_300_reg_5117                       |    0|  32|   32|          0|
    |tmp_4_301_reg_5122                       |    0|  32|   32|          0|
    |tmp_4_302_reg_5127                       |    0|  32|   32|          0|
    |tmp_4_303_reg_5132                       |    0|  32|   32|          0|
    |tmp_4_304_reg_5137                       |    0|  32|   32|          0|
    |tmp_4_305_reg_5142                       |    0|  32|   32|          0|
    |tmp_4_306_reg_5147                       |    0|  32|   32|          0|
    |tmp_6_reg_1911                           |    0|  32|   32|          0|
    |tmp_8_reg_1877                           |    0|   1|    1|          0|
    +-----------------------------------------+-----+----+-----+-----------+
    |Total                                    |22032|4961|26993|          0|
    +-----------------------------------------+-----+----+-----+-----------+



================================================================
== Interface
================================================================
* Summary: 
+---------------+-----+-----+------------+--------------+--------------+
|   RTL Ports   | Dir | Bits|  Protocol  | Source Object|    C Type    |
+---------------+-----+-----+------------+--------------+--------------+
|ap_clk         |  in |    1| ap_ctrl_hs |      fir     | return value |
|ap_rst         |  in |    1| ap_ctrl_hs |      fir     | return value |
|ap_start       |  in |    1| ap_ctrl_hs |      fir     | return value |
|ap_done        | out |    1| ap_ctrl_hs |      fir     | return value |
|ap_idle        | out |    1| ap_ctrl_hs |      fir     | return value |
|ap_ready       | out |    1| ap_ctrl_hs |      fir     | return value |
|result         | out |   32|   ap_vld   |    result    |    pointer   |
|result_ap_vld  | out |    1|   ap_vld   |    result    |    pointer   |
|input_r        |  in |   32|   ap_none  |    input_r   |    scalar    |
|do_filter      |  in |   16|   ap_none  |   do_filter  |    scalar    |
+---------------+-----+-----+------------+--------------+--------------+

